Archive member included to satisfy reference by file (symbol)

c:/program files (x86)/atollic/truestudio for arm 7.1.0/armtools/bin/../lib/gcc/arm-atollic-eabi/5.3.1/../../../../arm-atollic-eabi/lib/armv7-m\libc_nano.a(lib_a-init.o)
                              startup\startup_stm32f103xb.o (__libc_init_array)
c:/program files (x86)/atollic/truestudio for arm 7.1.0/armtools/bin/../lib/gcc/arm-atollic-eabi/5.3.1/../../../../arm-atollic-eabi/lib/armv7-m\libc_nano.a(lib_a-memset.o)
                              Drivers\STM32F1xx_HAL_Driver\Src\stm32f1xx_hal_rcc.o (memset)
c:/program files (x86)/atollic/truestudio for arm 7.1.0/armtools/bin/../lib/gcc/arm-atollic-eabi/5.3.1/armv7-m\libgcc.a(_lshrdi3.o)
                              Drivers\STM32F1xx_HAL_Driver\Src\stm32f1xx_hal_flash.o (__aeabi_llsr)

Allocating common symbols
Common symbol       size              file

hUsbDeviceFS        0x224             Src\usb_device.o
pFlash              0x20              Drivers\STM32F1xx_HAL_Driver\Src\stm32f1xx_hal_flash.o
UserRxBufferFS      0x4               Src\usbd_cdc_if.o
UserTxBufferFS      0x4               Src\usbd_cdc_if.o
tmHSPI              0x58              mylib\tm_functions.o
hspi1               0x58              Src\main.o
hpcd_USB_FS         0x420             Src\usbd_conf.o
USBD_StrDesc        0x200             Src\usbd_desc.o

Discarded input sections

 .text          0x00000000        0x0 c:/program files (x86)/atollic/truestudio for arm 7.1.0/armtools/bin/../lib/gcc/arm-atollic-eabi/5.3.1/armv7-m/crti.o
 .data          0x00000000        0x0 c:/program files (x86)/atollic/truestudio for arm 7.1.0/armtools/bin/../lib/gcc/arm-atollic-eabi/5.3.1/armv7-m/crti.o
 .bss           0x00000000        0x0 c:/program files (x86)/atollic/truestudio for arm 7.1.0/armtools/bin/../lib/gcc/arm-atollic-eabi/5.3.1/armv7-m/crti.o
 .data          0x00000000        0x4 c:/program files (x86)/atollic/truestudio for arm 7.1.0/armtools/bin/../lib/gcc/arm-atollic-eabi/5.3.1/armv7-m/crtbegin.o
 .text          0x00000000        0x0 Drivers\STM32F1xx_HAL_Driver\Src\stm32f1xx_hal.o
 .data          0x00000000        0x0 Drivers\STM32F1xx_HAL_Driver\Src\stm32f1xx_hal.o
 .bss           0x00000000        0x0 Drivers\STM32F1xx_HAL_Driver\Src\stm32f1xx_hal.o
 .text.HAL_MspInit
                0x00000000        0x2 Drivers\STM32F1xx_HAL_Driver\Src\stm32f1xx_hal.o
 .text.HAL_MspDeInit
                0x00000000        0x2 Drivers\STM32F1xx_HAL_Driver\Src\stm32f1xx_hal.o
 .text.HAL_DeInit
                0x00000000       0x20 Drivers\STM32F1xx_HAL_Driver\Src\stm32f1xx_hal.o
 .text.HAL_SuspendTick
                0x00000000       0x10 Drivers\STM32F1xx_HAL_Driver\Src\stm32f1xx_hal.o
 .text.HAL_ResumeTick
                0x00000000       0x10 Drivers\STM32F1xx_HAL_Driver\Src\stm32f1xx_hal.o
 .text.HAL_GetHalVersion
                0x00000000        0x8 Drivers\STM32F1xx_HAL_Driver\Src\stm32f1xx_hal.o
 .text.HAL_GetREVID
                0x00000000       0x1c Drivers\STM32F1xx_HAL_Driver\Src\stm32f1xx_hal.o
 .text.HAL_GetDEVID
                0x00000000       0x10 Drivers\STM32F1xx_HAL_Driver\Src\stm32f1xx_hal.o
 .text.HAL_DBGMCU_EnableDBGSleepMode
                0x00000000       0x10 Drivers\STM32F1xx_HAL_Driver\Src\stm32f1xx_hal.o
 .text.HAL_DBGMCU_DisableDBGSleepMode
                0x00000000       0x10 Drivers\STM32F1xx_HAL_Driver\Src\stm32f1xx_hal.o
 .text.HAL_DBGMCU_EnableDBGStopMode
                0x00000000       0x10 Drivers\STM32F1xx_HAL_Driver\Src\stm32f1xx_hal.o
 .text.HAL_DBGMCU_DisableDBGStopMode
                0x00000000       0x10 Drivers\STM32F1xx_HAL_Driver\Src\stm32f1xx_hal.o
 .text.HAL_DBGMCU_EnableDBGStandbyMode
                0x00000000       0x10 Drivers\STM32F1xx_HAL_Driver\Src\stm32f1xx_hal.o
 .text.HAL_DBGMCU_DisableDBGStandbyMode
                0x00000000       0x10 Drivers\STM32F1xx_HAL_Driver\Src\stm32f1xx_hal.o
 .text          0x00000000        0x0 Drivers\STM32F1xx_HAL_Driver\Src\stm32f1xx_hal_cortex.o
 .data          0x00000000        0x0 Drivers\STM32F1xx_HAL_Driver\Src\stm32f1xx_hal_cortex.o
 .bss           0x00000000        0x0 Drivers\STM32F1xx_HAL_Driver\Src\stm32f1xx_hal_cortex.o
 .text.HAL_NVIC_DisableIRQ
                0x00000000       0x1c Drivers\STM32F1xx_HAL_Driver\Src\stm32f1xx_hal_cortex.o
 .text.HAL_NVIC_SystemReset
                0x00000000       0x24 Drivers\STM32F1xx_HAL_Driver\Src\stm32f1xx_hal_cortex.o
 .text.HAL_NVIC_GetPriorityGrouping
                0x00000000       0x10 Drivers\STM32F1xx_HAL_Driver\Src\stm32f1xx_hal_cortex.o
 .text.HAL_NVIC_GetPriority
                0x00000000       0x5c Drivers\STM32F1xx_HAL_Driver\Src\stm32f1xx_hal_cortex.o
 .text.HAL_NVIC_SetPendingIRQ
                0x00000000       0x1c Drivers\STM32F1xx_HAL_Driver\Src\stm32f1xx_hal_cortex.o
 .text.HAL_NVIC_GetPendingIRQ
                0x00000000       0x1c Drivers\STM32F1xx_HAL_Driver\Src\stm32f1xx_hal_cortex.o
 .text.HAL_NVIC_ClearPendingIRQ
[...]
Memory Configuration

Name             Origin             Length             Attributes
RAM              0x20000000         0x00005000         xrw
FLASH            0x08000000         0x00010000         xr
*default*        0x00000000         0xffffffff

Linker script and memory map

LOAD c:/program files (x86)/atollic/truestudio for arm 7.1.0/armtools/bin/../lib/gcc/arm-atollic-eabi/5.3.1/armv7-m/crti.o
LOAD c:/program files (x86)/atollic/truestudio for arm 7.1.0/armtools/bin/../lib/gcc/arm-atollic-eabi/5.3.1/armv7-m/crtbegin.o
LOAD Drivers\STM32F1xx_HAL_Driver\Src\stm32f1xx_hal.o
LOAD Drivers\STM32F1xx_HAL_Driver\Src\stm32f1xx_hal_cortex.o
LOAD Drivers\STM32F1xx_HAL_Driver\Src\stm32f1xx_hal_dma.o
LOAD Drivers\STM32F1xx_HAL_Driver\Src\stm32f1xx_hal_flash.o
LOAD Drivers\STM32F1xx_HAL_Driver\Src\stm32f1xx_hal_flash_ex.o
LOAD Drivers\STM32F1xx_HAL_Driver\Src\stm32f1xx_hal_gpio.o
LOAD Drivers\STM32F1xx_HAL_Driver\Src\stm32f1xx_hal_gpio_ex.o
LOAD Drivers\STM32F1xx_HAL_Driver\Src\stm32f1xx_hal_pcd.o
LOAD Drivers\STM32F1xx_HAL_Driver\Src\stm32f1xx_hal_pcd_ex.o
LOAD Drivers\STM32F1xx_HAL_Driver\Src\stm32f1xx_hal_pwr.o
LOAD Drivers\STM32F1xx_HAL_Driver\Src\stm32f1xx_hal_rcc.o
LOAD Drivers\STM32F1xx_HAL_Driver\Src\stm32f1xx_hal_rcc_ex.o
LOAD Drivers\STM32F1xx_HAL_Driver\Src\stm32f1xx_hal_spi.o
LOAD Drivers\STM32F1xx_HAL_Driver\Src\stm32f1xx_hal_spi_ex.o
LOAD Drivers\STM32F1xx_HAL_Driver\Src\stm32f1xx_hal_tim.o
LOAD Drivers\STM32F1xx_HAL_Driver\Src\stm32f1xx_hal_tim_ex.o
LOAD Drivers\STM32F1xx_HAL_Driver\Src\stm32f1xx_ll_usb.o
LOAD Middlewares\ST\STM32_USB_Device_Library\Class\CDC\Src\usbd_cdc.o
LOAD Middlewares\ST\STM32_USB_Device_Library\Core\Src\usbd_core.o
LOAD Middlewares\ST\STM32_USB_Device_Library\Core\Src\usbd_ctlreq.o
LOAD Middlewares\ST\STM32_USB_Device_Library\Core\Src\usbd_ioreq.o
LOAD Src\main.o
LOAD Src\stm32f1xx_hal_msp.o
LOAD Src\stm32f1xx_it.o
LOAD Src\system_stm32f1xx.o
LOAD Src\usb_device.o
LOAD Src\usbd_cdc_if.o
LOAD Src\usbd_conf.o
LOAD Src\usbd_desc.o
LOAD mylib\s4286296_hal_nrf24l01.o
LOAD mylib\tm_functions.o
LOAD startup\startup_stm32f103xb.o
START GROUP
LOAD c:/program files (x86)/atollic/truestudio for arm 7.1.0/armtools/bin/../lib/gcc/arm-atollic-eabi/5.3.1/../../../../arm-atollic-eabi/lib/armv7-m\libc_nano.a
LOAD c:/program files (x86)/atollic/truestudio for arm 7.1.0/armtools/bin/../lib/gcc/arm-atollic-eabi/5.3.1/../../../../arm-atollic-eabi/lib/armv7-m\libm.a
END GROUP
                0x00000080                malloc_getpagesize_P = 0x80
START GROUP
LOAD c:/program files (x86)/atollic/truestudio for arm 7.1.0/armtools/bin/../lib/gcc/arm-atollic-eabi/5.3.1/armv7-m\libgcc.a
LOAD c:/program files (x86)/atollic/truestudio for arm 7.1.0/armtools/bin/../lib/gcc/arm-atollic-eabi/5.3.1/../../../../arm-atollic-eabi/lib/armv7-m\libc_nano.a
END GROUP
START GROUP
LOAD c:/program files (x86)/atollic/truestudio for arm 7.1.0/armtools/bin/../lib/gcc/arm-atollic-eabi/5.3.1/armv7-m\libgcc.a
LOAD c:/program files (x86)/atollic/truestudio for arm 7.1.0/armtools/bin/../lib/gcc/arm-atollic-eabi/5.3.1/../../../../arm-atollic-eabi/lib/armv7-m\libc_nano.a
LOAD c:/program files (x86)/atollic/truestudio for arm 7.1.0/armtools/bin/../lib/gcc/arm-atollic-eabi/5.3.1/../../../../arm-atollic-eabi/lib/armv7-m\libnosys.a
END GROUP
START GROUP
LOAD c:/program files (x86)/atollic/truestudio for arm 7.1.0/armtools/bin/../lib/gcc/arm-atollic-eabi/5.3.1/armv7-m\libgcc.a
LOAD c:/program files (x86)/atollic/truestudio for arm 7.1.0/armtools/bin/../lib/gcc/arm-atollic-eabi/5.3.1/../../../../arm-atollic-eabi/lib/armv7-m\libc_nano.a
LOAD c:/program files (x86)/atollic/truestudio for arm 7.1.0/armtools/bin/../lib/gcc/arm-atollic-eabi/5.3.1/../../../../arm-atollic-eabi/lib/armv7-m\libnosys.a
END GROUP
LOAD c:/program files (x86)/atollic/truestudio for arm 7.1.0/armtools/bin/../lib/gcc/arm-atollic-eabi/5.3.1/armv7-m/crtend.o
LOAD c:/program files (x86)/atollic/truestudio for arm 7.1.0/armtools/bin/../lib/gcc/arm-atollic-eabi/5.3.1/armv7-m/crtn.o
                0x20005000                _estack = 0x20005000
                0x00000200                _Min_Heap_Size = 0x200
                0x00000400                _Min_Stack_Size = 0x400

.isr_vector     0x08000000      0x10c
                0x08000000                . = ALIGN (0x4)
 *(.isr_vector)
 .isr_vector    0x08000000      0x10c startup\startup_stm32f103xb.o
                0x08000000                g_pfnVectors
                0x0800010c                . = ALIGN (0x4)

.text           0x0800010c     0x2cf8
                0x0800010c                . = ALIGN (0x4)
 *(.text)
 .text          0x0800010c       0x40 c:/program files (x86)/atollic/truestudio for arm 7.1.0/armtools/bin/../lib/gcc/arm-atollic-eabi/5.3.1/armv7-m/crtbegin.o
 *(.text*)
 .text.HAL_InitTick
                0x0800014c       0x24 Drivers\STM32F1xx_HAL_Driver\Src\stm32f1xx_hal.o
                0x0800014c                HAL_InitTick
 .text.HAL_Init
                0x08000170       0x24 Drivers\STM32F1xx_HAL_Driver\Src\stm32f1xx_hal.o
                0x08000170                HAL_Init
 .text.HAL_IncTick
                0x08000194       0x10 Drivers\STM32F1xx_HAL_Driver\Src\stm32f1xx_hal.o
                0x08000194                HAL_IncTick
 .text.HAL_GetTick
                0x080001a4        0xc Drivers\STM32F1xx_HAL_Driver\Src\stm32f1xx_hal.o
                0x080001a4                HAL_GetTick
 .text.HAL_Delay
                0x080001b0       0x1a Drivers\STM32F1xx_HAL_Driver\Src\stm32f1xx_hal.o
                0x080001b0                HAL_Delay
 *fill*         0x080001ca        0x2 
 .text.HAL_NVIC_SetPriorityGrouping
                0x080001cc       0x24 Drivers\STM32F1xx_HAL_Driver\Src\stm32f1xx_hal_cortex.o
                0x080001cc                HAL_NVIC_SetPriorityGrouping
 .text.HAL_NVIC_SetPriority
                0x080001f0       0x68 Drivers\STM32F1xx_HAL_Driver\Src\stm32f1xx_hal_cortex.o
                0x080001f0                HAL_NVIC_SetPriority
 .text.HAL_NVIC_EnableIRQ
                0x08000258       0x18 Drivers\STM32F1xx_HAL_Driver\Src\stm32f1xx_hal_cortex.o
                0x08000258                HAL_NVIC_EnableIRQ
 .text.HAL_SYSTICK_Config
                0x08000270       0x2c Drivers\STM32F1xx_HAL_Driver\Src\stm32f1xx_hal_cortex.o
                0x08000270                HAL_SYSTICK_Config
 .text.HAL_SYSTICK_CLKSourceConfig
                0x0800029c       0x18 Drivers\STM32F1xx_HAL_Driver\Src\stm32f1xx_hal_cortex.o
                0x0800029c                HAL_SYSTICK_CLKSourceConfig
 .text.HAL_SYSTICK_Callback
                0x080002b4        0x2 Drivers\STM32F1xx_HAL_Driver\Src\stm32f1xx_hal_cortex.o
                0x080002b4                HAL_SYSTICK_Callback
 .text.HAL_SYSTICK_IRQHandler
                0x080002b6        0x8 Drivers\STM32F1xx_HAL_Driver\Src\stm32f1xx_hal_cortex.o
                0x080002b6                HAL_SYSTICK_IRQHandler
 *fill*         0x080002be        0x2 
 .text.HAL_GPIO_Init
                0x080002c0      0x1b0 Drivers\STM32F1xx_HAL_Driver\Src\stm32f1xx_hal_gpio.o
                0x080002c0                HAL_GPIO_Init
 .text.HAL_GPIO_WritePin
                0x08000470        0x8 Drivers\STM32F1xx_HAL_Driver\Src\stm32f1xx_hal_gpio.o
                0x08000470                HAL_GPIO_WritePin
 .text.HAL_PCD_Init
                0x08000478       0xd4 Drivers\STM32F1xx_HAL_Driver\Src\stm32f1xx_hal_pcd.o
                0x08000478                HAL_PCD_Init
 .text.HAL_PCD_Start
                0x0800054c       0x2e Drivers\STM32F1xx_HAL_Driver\Src\stm32f1xx_hal_pcd.o
                0x0800054c                HAL_PCD_Start
 .text.HAL_PCD_SetAddress
                0x0800057a       0x28 Drivers\STM32F1xx_HAL_Driver\Src\stm32f1xx_hal_pcd.o
                0x0800057a                HAL_PCD_SetAddress
 .text.HAL_PCD_EP_Open
                0x080005a2       0x46 Drivers\STM32F1xx_HAL_Driver\Src\stm32f1xx_hal_pcd.o
                0x080005a2                HAL_PCD_EP_Open
 .text.HAL_PCD_EP_Close
                0x080005e8       0x42 Drivers\STM32F1xx_HAL_Driver\Src\stm32f1xx_hal_pcd.o
                0x080005e8                HAL_PCD_EP_Close
 .text.HAL_PCD_EP_Receive
                0x0800062a       0x48 Drivers\STM32F1xx_HAL_Driver\Src\stm32f1xx_hal_pcd.o
                0x0800062a                HAL_PCD_EP_Receive
 .text.HAL_PCD_EP_GetRxCount
                0x08000672        0xe Drivers\STM32F1xx_HAL_Driver\Src\stm32f1xx_hal_pcd.o
                0x08000672                HAL_PCD_EP_GetRxCount
 .text.HAL_PCD_EP_Transmit
                0x08000680       0x40 Drivers\STM32F1xx_HAL_Driver\Src\stm32f1xx_hal_pcd.o
                0x08000680                HAL_PCD_EP_Transmit
 .text.HAL_PCD_IRQHandler
                0x080006c0      0x4d0 Drivers\STM32F1xx_HAL_Driver\Src\stm32f1xx_hal_pcd.o
                0x080006c0                HAL_PCD_IRQHandler
 .text.HAL_PCD_EP_SetStall
                0x08000b90       0x52 Drivers\STM32F1xx_HAL_Driver\Src\stm32f1xx_hal_pcd.o
                0x08000b90                HAL_PCD_EP_SetStall
 .text.HAL_PCD_EP_ClrStall
                0x08000be2       0x46 Drivers\STM32F1xx_HAL_Driver\Src\stm32f1xx_hal_pcd.o
                0x08000be2                HAL_PCD_EP_ClrStall
 .text.HAL_PCDEx_PMAConfig
                0x08000c28       0x30 Drivers\STM32F1xx_HAL_Driver\Src\stm32f1xx_hal_pcd_ex.o
                0x08000c28                HAL_PCDEx_PMAConfig
 .text.HAL_RCC_OscConfig
                0x08000c58      0x4c0 Drivers\STM32F1xx_HAL_Driver\Src\stm32f1xx_hal_rcc.o
                0x08000c58                HAL_RCC_OscConfig
 .text.HAL_RCC_GetSysClockFreq
                0x08001118       0x90 Drivers\STM32F1xx_HAL_Driver\Src\stm32f1xx_hal_rcc.o
                0x08001118                HAL_RCC_GetSysClockFreq
 .text.HAL_RCC_ClockConfig
                0x080011a8      0x164 Drivers\STM32F1xx_HAL_Driver\Src\stm32f1xx_hal_rcc.o
                0x080011a8                HAL_RCC_ClockConfig
 .text.HAL_RCC_GetHCLKFreq
                0x0800130c        0xc Drivers\STM32F1xx_HAL_Driver\Src\stm32f1xx_hal_rcc.o
                0x0800130c                HAL_RCC_GetHCLKFreq
 .text.HAL_RCCEx_PeriphCLKConfig
                0x08001318      0x114 Drivers\STM32F1xx_HAL_Driver\Src\stm32f1xx_hal_rcc_ex.o
                0x08001318                HAL_RCCEx_PeriphCLKConfig
 .text.SPI_WaitOnFlagUntilTimeout
                0x0800142c       0x92 Drivers\STM32F1xx_HAL_Driver\Src\stm32f1xx_hal_spi.o
 .text.HAL_SPI_Transmit
                0x080014be      0x15e Drivers\STM32F1xx_HAL_Driver\Src\stm32f1xx_hal_spi.o
                0x080014be                HAL_SPI_Transmit
 .text.HAL_SPI_Init
                0x0800161c       0x7c Drivers\STM32F1xx_HAL_Driver\Src\stm32f1xx_hal_spi_ex.o
                0x0800161c                HAL_SPI_Init
 .text.USB_CoreInit
                0x08001698        0xe Drivers\STM32F1xx_HAL_Driver\Src\stm32f1xx_ll_usb.o
                0x08001698                USB_CoreInit
 .text.USB_EnableGlobalInt
                0x080016a6       0x12 Drivers\STM32F1xx_HAL_Driver\Src\stm32f1xx_ll_usb.o
                0x080016a6                USB_EnableGlobalInt
 .text.USB_DisableGlobalInt
                0x080016b8       0x14 Drivers\STM32F1xx_HAL_Driver\Src\stm32f1xx_ll_usb.o
                0x080016b8                USB_DisableGlobalInt
 .text.USB_SetCurrentMode
                0x080016cc        0x4 Drivers\STM32F1xx_HAL_Driver\Src\stm32f1xx_ll_usb.o
                0x080016cc                USB_SetCurrentMode
 .text.USB_DevInit
                0x080016d0       0x28 Drivers\STM32F1xx_HAL_Driver\Src\stm32f1xx_ll_usb.o
                0x080016d0                USB_DevInit
 .text.USB_ActivateEndpoint
                0x080016f8      0x2e4 Drivers\STM32F1xx_HAL_Driver\Src\stm32f1xx_ll_usb.o
                0x080016f8                USB_ActivateEndpoint
 .text.USB_DeactivateEndpoint
                0x080019dc      0x170 Drivers\STM32F1xx_HAL_Driver\Src\stm32f1xx_ll_usb.o
                0x080019dc                USB_DeactivateEndpoint
 .text.USB_EPSetStall
                0x08001b4c       0x62 Drivers\STM32F1xx_HAL_Driver\Src\stm32f1xx_ll_usb.o
                0x08001b4c                USB_EPSetStall
 .text.USB_EPClearStall
                0x08001bae       0x84 Drivers\STM32F1xx_HAL_Driver\Src\stm32f1xx_ll_usb.o
                0x08001bae                USB_EPClearStall
 .text.USB_SetDevAddress
                0x08001c32        0xc Drivers\STM32F1xx_HAL_Driver\Src\stm32f1xx_ll_usb.o
                0x08001c32                USB_SetDevAddress
 .text.USB_DevConnect
                0x08001c3e        0x4 Drivers\STM32F1xx_HAL_Driver\Src\stm32f1xx_ll_usb.o
                0x08001c3e                USB_DevConnect
 .text.USB_DevDisconnect
                0x08001c42        0x4 Drivers\STM32F1xx_HAL_Driver\Src\stm32f1xx_ll_usb.o
                0x08001c42                USB_DevDisconnect
 .text.USB_ReadInterrupts
                0x08001c46        0x8 Drivers\STM32F1xx_HAL_Driver\Src\stm32f1xx_ll_usb.o
                0x08001c46                USB_ReadInterrupts
 .text.USB_EP0_OutStart
                0x08001c4e        0x4 Drivers\STM32F1xx_HAL_Driver\Src\stm32f1xx_ll_usb.o
                0x08001c4e                USB_EP0_OutStart
 .text.USB_WritePMA
                0x08001c52       0x22 Drivers\STM32F1xx_HAL_Driver\Src\stm32f1xx_ll_usb.o
                0x08001c52                USB_WritePMA
 .text.USB_EPStartXfer
                0x08001c74      0x1a0 Drivers\STM32F1xx_HAL_Driver\Src\stm32f1xx_ll_usb.o
                0x08001c74                USB_EPStartXfer
 .text.USB_ReadPMA
                0x08001e14       0x22 Drivers\STM32F1xx_HAL_Driver\Src\stm32f1xx_ll_usb.o
                0x08001e14                USB_ReadPMA
 .text.USBD_CDC_DataIn
                0x08001e36       0x12 Middlewares\ST\STM32_USB_Device_Library\Class\CDC\Src\usbd_cdc.o
 .text.USBD_CDC_EP0_RxReady
                0x08001e48       0x28 Middlewares\ST\STM32_USB_Device_Library\Class\CDC\Src\usbd_cdc.o
 .text.USBD_CDC_GetFSCfgDesc
                0x08001e70        0xc Middlewares\ST\STM32_USB_Device_Library\Class\CDC\Src\usbd_cdc.o
 .text.USBD_CDC_GetHSCfgDesc
                0x08001e7c        0xc Middlewares\ST\STM32_USB_Device_Library\Class\CDC\Src\usbd_cdc.o
 .text.USBD_CDC_GetOtherSpeedCfgDesc
                0x08001e88        0xc Middlewares\ST\STM32_USB_Device_Library\Class\CDC\Src\usbd_cdc.o
 .text.USBD_CDC_GetDeviceQualifierDescriptor
                0x08001e94        0xc Middlewares\ST\STM32_USB_Device_Library\Class\CDC\Src\usbd_cdc.o
                0x08001e94                USBD_CDC_GetDeviceQualifierDescriptor
 .text.USBD_CDC_DataOut
                0x08001ea0       0x2e Middlewares\ST\STM32_USB_Device_Library\Class\CDC\Src\usbd_cdc.o
 *fill*         0x08001ece        0x2 
 .text.USBD_CDC_Setup
                0x08001ed0       0x6c Middlewares\ST\STM32_USB_Device_Library\Class\CDC\Src\usbd_cdc.o
 .text.USBD_CDC_DeInit
                0x08001f3c       0x3a Middlewares\ST\STM32_USB_Device_Library\Class\CDC\Src\usbd_cdc.o
 .text.USBD_CDC_Init
                0x08001f76       0x8c Middlewares\ST\STM32_USB_Device_Library\Class\CDC\Src\usbd_cdc.o
 .text.USBD_CDC_RegisterInterface
                0x08002002        0xe Middlewares\ST\STM32_USB_Device_Library\Class\CDC\Src\usbd_cdc.o
                0x08002002                USBD_CDC_RegisterInterface
 .text.USBD_CDC_SetTxBuffer
                0x08002010       0x10 Middlewares\ST\STM32_USB_Device_Library\Class\CDC\Src\usbd_cdc.o
                0x08002010                USBD_CDC_SetTxBuffer
 .text.USBD_CDC_SetRxBuffer
                0x08002020        0xc Middlewares\ST\STM32_USB_Device_Library\Class\CDC\Src\usbd_cdc.o
                0x08002020                USBD_CDC_SetRxBuffer
 .text.USBD_CDC_ReceivePacket
                0x0800202c       0x26 Middlewares\ST\STM32_USB_Device_Library\Class\CDC\Src\usbd_cdc.o
                0x0800202c                USBD_CDC_ReceivePacket
 .text.USBD_Init
                0x08002052       0x2a Middlewares\ST\STM32_USB_Device_Library\Core\Src\usbd_core.o
                0x08002052                USBD_Init
 .text.USBD_RegisterClass
                0x0800207c        0xe Middlewares\ST\STM32_USB_Device_Library\Core\Src\usbd_core.o
                0x0800207c                USBD_RegisterClass
 .text.USBD_Start
                0x0800208a        0xa Middlewares\ST\STM32_USB_Device_Library\Core\Src\usbd_core.o
                0x0800208a                USBD_Start
 .text.USBD_SetClassConfig
                0x08002094       0x16 Middlewares\ST\STM32_USB_Device_Library\Core\Src\usbd_core.o
                0x08002094                USBD_SetClassConfig
 .text.USBD_ClrClassConfig
                0x080020aa        0xe Middlewares\ST\STM32_USB_Device_Library\Core\Src\usbd_core.o
                0x080020aa                USBD_ClrClassConfig
 .text.USBD_LL_SetupStage
                0x080020b8       0x5a Middlewares\ST\STM32_USB_Device_Library\Core\Src\usbd_core.o
                0x080020b8                USBD_LL_SetupStage
 .text.USBD_LL_DataOutStage
                0x08002112       0x62 Middlewares\ST\STM32_USB_Device_Library\Core\Src\usbd_core.o
                0x08002112                USBD_LL_DataOutStage
 .text.USBD_LL_DataInStage
                0x08002174       0x9c Middlewares\ST\STM32_USB_Device_Library\Core\Src\usbd_core.o
                0x08002174                USBD_LL_DataInStage
 .text.USBD_LL_Reset
                0x08002210       0x3e Middlewares\ST\STM32_USB_Device_Library\Core\Src\usbd_core.o
                0x08002210                USBD_LL_Reset
 .text.USBD_LL_SetSpeed
                0x0800224e        0x6 Middlewares\ST\STM32_USB_Device_Library\Core\Src\usbd_core.o
                0x0800224e                USBD_LL_SetSpeed
 .text.USBD_LL_Suspend
                0x08002254       0x12 Middlewares\ST\STM32_USB_Device_Library\Core\Src\usbd_core.o
                0x08002254                USBD_LL_Suspend
 .text.USBD_LL_Resume
                0x08002266        0xc Middlewares\ST\STM32_USB_Device_Library\Core\Src\usbd_core.o
                0x08002266                USBD_LL_Resume
 .text.USBD_LL_SOF
                0x08002272       0x18 Middlewares\ST\STM32_USB_Device_Library\Core\Src\usbd_core.o
                0x08002272                USBD_LL_SOF
 .text.USBD_ParseSetupRequest
                0x0800228a       0x28 Middlewares\ST\STM32_USB_Device_Library\Core\Src\usbd_ctlreq.o
                0x0800228a                USBD_ParseSetupRequest
 .text.USBD_CtlError
                0x080022b2       0x16 Middlewares\ST\STM32_USB_Device_Library\Core\Src\usbd_ctlreq.o
                0x080022b2                USBD_CtlError
 .text.USBD_StdDevReq
                0x080022c8      0x214 Middlewares\ST\STM32_USB_Device_Library\Core\Src\usbd_ctlreq.o
                0x080022c8                USBD_StdDevReq
 .text.USBD_StdItfReq
                0x080024dc       0x30 Middlewares\ST\STM32_USB_Device_Library\Core\Src\usbd_ctlreq.o
                0x080024dc                USBD_StdItfReq
 .text.USBD_StdEPReq
                0x0800250c       0xc6 Middlewares\ST\STM32_USB_Device_Library\Core\Src\usbd_ctlreq.o
                0x0800250c                USBD_StdEPReq
 .text.USBD_GetString
                0x080025d2       0x38 Middlewares\ST\STM32_USB_Device_Library\Core\Src\usbd_ctlreq.o
                0x080025d2                USBD_GetString
 .text.USBD_CtlSendData
                0x0800260a       0x1a Middlewares\ST\STM32_USB_Device_Library\Core\Src\usbd_ioreq.o
                0x0800260a                USBD_CtlSendData
 .text.USBD_CtlContinueSendData
                0x08002624       0x10 Middlewares\ST\STM32_USB_Device_Library\Core\Src\usbd_ioreq.o
                0x08002624                USBD_CtlContinueSendData
 .text.USBD_CtlPrepareRx
                0x08002634       0x1e Middlewares\ST\STM32_USB_Device_Library\Core\Src\usbd_ioreq.o
                0x08002634                USBD_CtlPrepareRx
 .text.USBD_CtlContinueRx
                0x08002652       0x10 Middlewares\ST\STM32_USB_Device_Library\Core\Src\usbd_ioreq.o
                0x08002652                USBD_CtlContinueRx
 .text.USBD_CtlSendStatus
                0x08002662       0x16 Middlewares\ST\STM32_USB_Device_Library\Core\Src\usbd_ioreq.o
                0x08002662                USBD_CtlSendStatus
 .text.USBD_CtlReceiveStatus
                0x08002678       0x16 Middlewares\ST\STM32_USB_Device_Library\Core\Src\usbd_ioreq.o
                0x08002678                USBD_CtlReceiveStatus
 .text.SystemClock_Config
                0x0800268e       0x7e Src\main.o
                0x0800268e                SystemClock_Config
 .text.startup.main
                0x0800270c      0x168 Src\main.o
                0x0800270c                main
 .text._Error_Handler
                0x08002874        0x2 Src\main.o
                0x08002874                _Error_Handler
 *fill*         0x08002876        0x2 
 .text.HAL_MspInit
                0x08002878       0x8c Src\stm32f1xx_hal_msp.o
                0x08002878                HAL_MspInit
 .text.HAL_SPI_MspInit
                0x08002904       0x54 Src\stm32f1xx_hal_msp.o
                0x08002904                HAL_SPI_MspInit
 .text.NMI_Handler
                0x08002958        0x2 Src\stm32f1xx_it.o
                0x08002958                NMI_Handler
 .text.HardFault_Handler
                0x0800295a        0x2 Src\stm32f1xx_it.o
                0x0800295a                HardFault_Handler
 .text.MemManage_Handler
                0x0800295c        0x2 Src\stm32f1xx_it.o
                0x0800295c                MemManage_Handler
 .text.BusFault_Handler
                0x0800295e        0x2 Src\stm32f1xx_it.o
                0x0800295e                BusFault_Handler
 .text.UsageFault_Handler
                0x08002960        0x2 Src\stm32f1xx_it.o
                0x08002960                UsageFault_Handler
 .text.SVC_Handler
                0x08002962        0x2 Src\stm32f1xx_it.o
                0x08002962                SVC_Handler
 .text.DebugMon_Handler
                0x08002964        0x2 Src\stm32f1xx_it.o
                0x08002964                DebugMon_Handler
 .text.PendSV_Handler
                0x08002966        0x2 Src\stm32f1xx_it.o
                0x08002966                PendSV_Handler
 .text.SysTick_Handler
                0x08002968        0xe Src\stm32f1xx_it.o
                0x08002968                SysTick_Handler
 *fill*         0x08002976        0x2 
 .text.USB_LP_CAN1_RX0_IRQHandler
                0x08002978        0xc Src\stm32f1xx_it.o
                0x08002978                USB_LP_CAN1_RX0_IRQHandler
 .text.SystemInit
                0x08002984       0x4c Src\system_stm32f1xx.o
                0x08002984                SystemInit
 .text.MX_USB_DEVICE_Init
                0x080029d0       0x38 Src\usb_device.o
                0x080029d0                MX_USB_DEVICE_Init
 .text.CDC_DeInit_FS
                0x08002a08        0x4 Src\usbd_cdc_if.o
 .text.CDC_Control_FS
                0x08002a0c        0x4 Src\usbd_cdc_if.o
 .text.CDC_Receive_FS
                0x08002a10       0x1c Src\usbd_cdc_if.o
 .text.CDC_Init_FS
                0x08002a2c       0x28 Src\usbd_cdc_if.o
 .text.HAL_PCD_MspInit
                0x08002a54       0x3c Src\usbd_conf.o
                0x08002a54                HAL_PCD_MspInit
 .text.HAL_PCD_SetupStageCallback
                0x08002a90        0xc Src\usbd_conf.o
                0x08002a90                HAL_PCD_SetupStageCallback
 .text.HAL_PCD_DataOutStageCallback
                0x08002a9c       0x10 Src\usbd_conf.o
                0x08002a9c                HAL_PCD_DataOutStageCallback
 .text.HAL_PCD_DataInStageCallback
                0x08002aac        0xe Src\usbd_conf.o
                0x08002aac                HAL_PCD_DataInStageCallback
 .text.HAL_PCD_SOFCallback
                0x08002aba        0x8 Src\usbd_conf.o
                0x08002aba                HAL_PCD_SOFCallback
 .text.HAL_PCD_ResetCallback
                0x08002ac2       0x1a Src\usbd_conf.o
                0x08002ac2                HAL_PCD_ResetCallback
 .text.HAL_PCD_SuspendCallback
                0x08002adc       0x20 Src\usbd_conf.o
                0x08002adc                HAL_PCD_SuspendCallback
 .text.HAL_PCD_ResumeCallback
                0x08002afc        0x8 Src\usbd_conf.o
                0x08002afc                HAL_PCD_ResumeCallback
 .text.USBD_LL_Init
                0x08002b04       0x90 Src\usbd_conf.o
                0x08002b04                USBD_LL_Init
 .text.USBD_LL_Start
                0x08002b94       0x1c Src\usbd_conf.o
                0x08002b94                USBD_LL_Start
 .text.USBD_LL_OpenEP
                0x08002bb0       0x20 Src\usbd_conf.o
                0x08002bb0                USBD_LL_OpenEP
 .text.USBD_LL_CloseEP
                0x08002bd0       0x1c Src\usbd_conf.o
                0x08002bd0                USBD_LL_CloseEP
 .text.USBD_LL_StallEP
                0x08002bec       0x1c Src\usbd_conf.o
                0x08002bec                USBD_LL_StallEP
 .text.USBD_LL_ClearStallEP
                0x08002c08       0x1c Src\usbd_conf.o
                0x08002c08                USBD_LL_ClearStallEP
 .text.USBD_LL_IsStallEP
                0x08002c24       0x20 Src\usbd_conf.o
                0x08002c24                USBD_LL_IsStallEP
 .text.USBD_LL_SetUSBAddress
                0x08002c44       0x1c Src\usbd_conf.o
                0x08002c44                USBD_LL_SetUSBAddress
 .text.USBD_LL_Transmit
                0x08002c60       0x1c Src\usbd_conf.o
                0x08002c60                USBD_LL_Transmit
 .text.USBD_LL_PrepareReceive
                0x08002c7c       0x1c Src\usbd_conf.o
                0x08002c7c                USBD_LL_PrepareReceive
 .text.USBD_LL_GetRxDataSize
                0x08002c98        0xc Src\usbd_conf.o
                0x08002c98                USBD_LL_GetRxDataSize
 .text.USBD_static_malloc
                0x08002ca4        0x8 Src\usbd_conf.o
                0x08002ca4                USBD_static_malloc
 .text.USBD_static_free
                0x08002cac        0x2 Src\usbd_conf.o
                0x08002cac                USBD_static_free
 .text.HAL_PCDEx_SetConnectionState
                0x08002cae        0x2 Src\usbd_conf.o
                0x08002cae                HAL_PCDEx_SetConnectionState
 .text.USBD_FS_DeviceDescriptor
                0x08002cb0        0xc Src\usbd_desc.o
                0x08002cb0                USBD_FS_DeviceDescriptor
 .text.USBD_FS_LangIDStrDescriptor
                0x08002cbc        0xc Src\usbd_desc.o
                0x08002cbc                USBD_FS_LangIDStrDescriptor
 .text.USBD_FS_ManufacturerStrDescriptor
                0x08002cc8       0x1c Src\usbd_desc.o
                0x08002cc8                USBD_FS_ManufacturerStrDescriptor
 .text.USBD_FS_ProductStrDescriptor
                0x08002ce4       0x1c Src\usbd_desc.o
                0x08002ce4                USBD_FS_ProductStrDescriptor
 .text.USBD_FS_SerialStrDescriptor
                0x08002d00       0x1c Src\usbd_desc.o
                0x08002d00                USBD_FS_SerialStrDescriptor
 .text.USBD_FS_ConfigStrDescriptor
                0x08002d1c       0x1c Src\usbd_desc.o
                0x08002d1c                USBD_FS_ConfigStrDescriptor
 .text.USBD_FS_InterfaceStrDescriptor
                0x08002d38       0x1c Src\usbd_desc.o
                0x08002d38                USBD_FS_InterfaceStrDescriptor
 .text.Reset_Handler
                0x08002d54       0x48 startup\startup_stm32f103xb.o
                0x08002d54                Reset_Handler
 .text.Default_Handler
                0x08002d9c        0x2 startup\startup_stm32f103xb.o
                0x08002d9c                RTC_Alarm_IRQHandler
                0x08002d9c                EXTI2_IRQHandler
                0x08002d9c                TIM1_CC_IRQHandler
                0x08002d9c                PVD_IRQHandler
                0x08002d9c                EXTI3_IRQHandler
                0x08002d9c                EXTI0_IRQHandler
                0x08002d9c                I2C2_EV_IRQHandler
                0x08002d9c                ADC1_2_IRQHandler
                0x08002d9c                SPI1_IRQHandler
                0x08002d9c                TAMPER_IRQHandler
                0x08002d9c                DMA1_Channel4_IRQHandler
                0x08002d9c                USART3_IRQHandler
                0x08002d9c                RTC_IRQHandler
                0x08002d9c                DMA1_Channel7_IRQHandler
                0x08002d9c                CAN1_RX1_IRQHandler
                0x08002d9c                TIM4_IRQHandler
                0x08002d9c                I2C1_EV_IRQHandler
                0x08002d9c                DMA1_Channel6_IRQHandler
                0x08002d9c                TIM3_IRQHandler
                0x08002d9c                RCC_IRQHandler
                0x08002d9c                TIM1_TRG_COM_IRQHandler
                0x08002d9c                DMA1_Channel1_IRQHandler
                0x08002d9c                Default_Handler
                0x08002d9c                EXTI15_10_IRQHandler
                0x08002d9c                EXTI9_5_IRQHandler
                0x08002d9c                SPI2_IRQHandler
                0x08002d9c                DMA1_Channel5_IRQHandler
                0x08002d9c                EXTI4_IRQHandler
                0x08002d9c                USB_HP_CAN1_TX_IRQHandler
                0x08002d9c                DMA1_Channel3_IRQHandler
                0x08002d9c                TIM1_UP_IRQHandler
                0x08002d9c                WWDG_IRQHandler
                0x08002d9c                TIM2_IRQHandler
                0x08002d9c                TIM1_BRK_IRQHandler
                0x08002d9c                EXTI1_IRQHandler
                0x08002d9c                USART2_IRQHandler
                0x08002d9c                I2C2_ER_IRQHandler
                0x08002d9c                DMA1_Channel2_IRQHandler
                0x08002d9c                CAN1_SCE_IRQHandler
                0x08002d9c                FLASH_IRQHandler
                0x08002d9c                USART1_IRQHandler
                0x08002d9c                I2C1_ER_IRQHandler
                0x08002d9c                USBWakeUp_IRQHandler
 *fill*         0x08002d9e        0x2 
 .text.__libc_init_array
                0x08002da0       0x4c c:/program files (x86)/atollic/truestudio for arm 7.1.0/armtools/bin/../lib/gcc/arm-atollic-eabi/5.3.1/../../../../arm-atollic-eabi/lib/armv7-m\libc_nano.a(lib_a-init.o)
                0x08002da0                __libc_init_array
 *(.glue_7)
 .glue_7        0x08002dec        0x0 linker stubs
 *(.glue_7t)
 .glue_7t       0x08002dec        0x0 linker stubs
 *(.eh_frame)
 .eh_frame      0x08002dec        0x0 c:/program files (x86)/atollic/truestudio for arm 7.1.0/armtools/bin/../lib/gcc/arm-atollic-eabi/5.3.1/armv7-m/crtbegin.o
 *(.init)
 .init          0x08002dec        0x4 c:/program files (x86)/atollic/truestudio for arm 7.1.0/armtools/bin/../lib/gcc/arm-atollic-eabi/5.3.1/armv7-m/crti.o
                0x08002dec                _init
 .init          0x08002df0        0x8 c:/program files (x86)/atollic/truestudio for arm 7.1.0/armtools/bin/../lib/gcc/arm-atollic-eabi/5.3.1/armv7-m/crtn.o
 *(.fini)
 .fini          0x08002df8        0x4 c:/program files (x86)/atollic/truestudio for arm 7.1.0/armtools/bin/../lib/gcc/arm-atollic-eabi/5.3.1/armv7-m/crti.o
                0x08002df8                _fini
 .fini          0x08002dfc        0x8 c:/program files (x86)/atollic/truestudio for arm 7.1.0/armtools/bin/../lib/gcc/arm-atollic-eabi/5.3.1/armv7-m/crtn.o
                0x08002e04                . = ALIGN (0x4)
                0x08002e04                _etext = .

.vfp11_veneer   0x08002e04        0x0
 .vfp11_veneer  0x08002e04        0x0 linker stubs

.v4_bx          0x08002e04        0x0
 .v4_bx         0x08002e04        0x0 linker stubs

.iplt           0x08002e04        0x0
 .iplt          0x08002e04        0x0 c:/program files (x86)/atollic/truestudio for arm 7.1.0/armtools/bin/../lib/gcc/arm-atollic-eabi/5.3.1/armv7-m/crtbegin.o

.rodata         0x08002e04       0x88
                0x08002e04                . = ALIGN (0x4)
 *(.rodata)
 .rodata        0x08002e04       0x12 Drivers\STM32F1xx_HAL_Driver\Src\stm32f1xx_hal_rcc.o
 *(.rodata*)
 .rodata.AHBPrescTable
                0x08002e16       0x10 Src\system_stm32f1xx.o
                0x08002e16                AHBPrescTable
 .rodata.CSWTCH.39
                0x08002e26        0x4 Src\usbd_conf.o
 .rodata.str1.1
                0x08002e2a       0x13 Src\usbd_conf.o
 .rodata.str1.1
                0x08002e3d       0x4f Src\usbd_desc.o
                0x08002e8c                . = ALIGN (0x4)

.rel.dyn        0x08002e8c        0x0
 .rel.iplt      0x08002e8c        0x0 c:/program files (x86)/atollic/truestudio for arm 7.1.0/armtools/bin/../lib/gcc/arm-atollic-eabi/5.3.1/armv7-m/crtbegin.o

.ARM.extab
 *(.ARM.extab* .gnu.linkonce.armextab.*)

.ARM            0x08002e8c        0x0
                0x08002e8c                __exidx_start = .
 *(.ARM.exidx*)
                0x08002e8c                __exidx_end = .

.preinit_array  0x08002e8c        0x0
                0x08002e8c                PROVIDE (__preinit_array_start, .)
 *(.preinit_array*)
                0x08002e8c                PROVIDE (__preinit_array_end, .)

.init_array     0x08002e8c        0x4
                0x08002e8c                PROVIDE (__init_array_start, .)
 *(SORT(.init_array.*))
 *(.init_array*)
 .init_array    0x08002e8c        0x4 c:/program files (x86)/atollic/truestudio for arm 7.1.0/armtools/bin/../lib/gcc/arm-atollic-eabi/5.3.1/armv7-m/crtbegin.o
                0x08002e90                PROVIDE (__init_array_end, .)

.fini_array     0x08002e90        0x4
                [!provide]                PROVIDE (__fini_array_start, .)
 *(SORT(.fini_array.*))
 *(.fini_array*)
 .fini_array    0x08002e90        0x4 c:/program files (x86)/atollic/truestudio for arm 7.1.0/armtools/bin/../lib/gcc/arm-atollic-eabi/5.3.1/armv7-m/crtbegin.o
                [!provide]                PROVIDE (__fini_array_end, .)
                0x08002e94                _sidata = LOADADDR (.data)

.data           0x20000000      0x158 load address 0x08002e94
                0x20000000                . = ALIGN (0x4)
                0x20000000                _sdata = .
 *(.data)
 *(.data*)
 .data.USBD_CDC_CfgFSDesc
                0x20000000       0x43 Middlewares\ST\STM32_USB_Device_Library\Class\CDC\Src\usbd_cdc.o
                0x20000000                USBD_CDC_CfgFSDesc
 *fill*         0x20000043        0x1 
 .data.USBD_CDC
                0x20000044       0x38 Middlewares\ST\STM32_USB_Device_Library\Class\CDC\Src\usbd_cdc.o
                0x20000044                USBD_CDC
 .data.USBD_CDC_DeviceQualifierDesc
                0x2000007c        0xa Middlewares\ST\STM32_USB_Device_Library\Class\CDC\Src\usbd_cdc.o
 *fill*         0x20000086        0x2 
 .data.USBD_CDC_OtherSpeedCfgDesc
                0x20000088       0x43 Middlewares\ST\STM32_USB_Device_Library\Class\CDC\Src\usbd_cdc.o
                0x20000088                USBD_CDC_OtherSpeedCfgDesc
 *fill*         0x200000cb        0x1 
 .data.USBD_CDC_CfgHSDesc
                0x200000cc       0x43 Middlewares\ST\STM32_USB_Device_Library\Class\CDC\Src\usbd_cdc.o
                0x200000cc                USBD_CDC_CfgHSDesc
 *fill*         0x2000010f        0x1 
 .data.SystemCoreClock
                0x20000110        0x4 Src\system_stm32f1xx.o
                0x20000110                SystemCoreClock
 .data.USBD_Interface_fops_FS
                0x20000114       0x10 Src\usbd_cdc_if.o
                0x20000114                USBD_Interface_fops_FS
 .data.FS_Desc  0x20000124       0x1c Src\usbd_desc.o
                0x20000124                FS_Desc
 .data.USBD_LangIDDesc
                0x20000140        0x4 Src\usbd_desc.o
                0x20000140                USBD_LangIDDesc
 .data.USBD_FS_DeviceDesc
                0x20000144       0x12 Src\usbd_desc.o
                0x20000144                USBD_FS_DeviceDesc
                0x20000158                . = ALIGN (0x4)
 *fill*         0x20000156        0x2 
                0x20000158                _edata = .

.igot.plt       0x20000158        0x0 load address 0x08002fec
 .igot.plt      0x20000158        0x0 c:/program files (x86)/atollic/truestudio for arm 7.1.0/armtools/bin/../lib/gcc/arm-atollic-eabi/5.3.1/armv7-m/crtbegin.o
                0x20000158                . = ALIGN (0x4)

.bss            0x20000158      0xae8 load address 0x08002fec
                0x20000158                _sbss = .
                0x20000158                __bss_start__ = _sbss
 *(.bss)
 .bss           0x20000158       0x1c c:/program files (x86)/atollic/truestudio for arm 7.1.0/armtools/bin/../lib/gcc/arm-atollic-eabi/5.3.1/armv7-m/crtbegin.o
 *(.bss*)
 .bss.uwTick    0x20000174        0x4 Drivers\STM32F1xx_HAL_Driver\Src\stm32f1xx_hal.o
 .bss.uCRCErrorWorkaroundCheck
                0x20000178        0x1 Drivers\STM32F1xx_HAL_Driver\Src\stm32f1xx_hal_spi_ex.o
                0x20000178                uCRCErrorWorkaroundCheck
 .bss.ifalt.7589
                0x20000179        0x1 Middlewares\ST\STM32_USB_Device_Library\Class\CDC\Src\usbd_cdc.o
 .bss.cfgidx.7594
                0x2000017a        0x1 Middlewares\ST\STM32_USB_Device_Library\Core\Src\usbd_ctlreq.o
 *fill*         0x2000017b        0x1 
 .bss.mem.7748  0x2000017c      0x220 Src\usbd_conf.o
 *(COMMON)
 COMMON         0x2000039c       0x58 Src\main.o
                0x2000039c                hspi1
 COMMON         0x200003f4      0x224 Src\usb_device.o
                0x200003f4                hUsbDeviceFS
 COMMON         0x20000618        0x8 Src\usbd_cdc_if.o
                0x20000618                UserRxBufferFS
                0x2000061c                UserTxBufferFS
 COMMON         0x20000620      0x420 Src\usbd_conf.o
                0x20000620                hpcd_USB_FS
 COMMON         0x20000a40      0x200 Src\usbd_desc.o
                0x20000a40                USBD_StrDesc
                0x20000c40                . = ALIGN (0x4)
                0x20000c40                _ebss = .
                0x20000c40                __bss_end__ = _ebss

._user_heap_stack
                0x20000c40      0x600 load address 0x08002fec
                0x20000c40                . = ALIGN (0x4)
                [!provide]                PROVIDE (end, .)
                [!provide]                PROVIDE (_end, .)
                0x20000e40                . = (. + _Min_Heap_Size)
 *fill*         0x20000c40      0x200 
                0x20001240                . = (. + _Min_Stack_Size)
 *fill*         0x20000e40      0x400 
                0x20001240                . = ALIGN (0x4)

/DISCARD/
 libc.a(*)
 libm.a(*)
 libgcc.a(*)

.ARM.attributes
                0x00000000       0x29
 *(.ARM.attributes)
 .ARM.attributes
                0x00000000       0x1d c:/program files (x86)/atollic/truestudio for arm 7.1.0/armtools/bin/../lib/gcc/arm-atollic-eabi/5.3.1/armv7-m/crti.o
 .ARM.attributes
                0x0000001d       0x2d c:/program files (x86)/atollic/truestudio for arm 7.1.0/armtools/bin/../lib/gcc/arm-atollic-eabi/5.3.1/armv7-m/crtbegin.o
 .ARM.attributes
                0x0000004a       0x33 Drivers\STM32F1xx_HAL_Driver\Src\stm32f1xx_hal.o
 .ARM.attributes
                0x0000007d       0x33 Drivers\STM32F1xx_HAL_Driver\Src\stm32f1xx_hal_cortex.o
 .ARM.attributes
                0x000000b0       0x33 Drivers\STM32F1xx_HAL_Driver\Src\stm32f1xx_hal_gpio.o
 .ARM.attributes
                0x000000e3       0x33 Drivers\STM32F1xx_HAL_Driver\Src\stm32f1xx_hal_pcd.o
 .ARM.attributes
                0x00000116       0x33 Drivers\STM32F1xx_HAL_Driver\Src\stm32f1xx_hal_pcd_ex.o
 .ARM.attributes
                0x00000149       0x33 Drivers\STM32F1xx_HAL_Driver\Src\stm32f1xx_hal_rcc.o
 .ARM.attributes
                0x0000017c       0x33 Drivers\STM32F1xx_HAL_Driver\Src\stm32f1xx_hal_rcc_ex.o
 .ARM.attributes
                0x000001af       0x33 Drivers\STM32F1xx_HAL_Driver\Src\stm32f1xx_hal_spi.o
 .ARM.attributes
                0x000001e2       0x33 Drivers\STM32F1xx_HAL_Driver\Src\stm32f1xx_hal_spi_ex.o
 .ARM.attributes
                0x00000215       0x33 Drivers\STM32F1xx_HAL_Driver\Src\stm32f1xx_ll_usb.o
 .ARM.attributes
                0x00000248       0x33 Middlewares\ST\STM32_USB_Device_Library\Class\CDC\Src\usbd_cdc.o
 .ARM.attributes
                0x0000027b       0x33 Middlewares\ST\STM32_USB_Device_Library\Core\Src\usbd_core.o
 .ARM.attributes
                0x000002ae       0x33 Middlewares\ST\STM32_USB_Device_Library\Core\Src\usbd_ctlreq.o
 .ARM.attributes
                0x000002e1       0x33 Middlewares\ST\STM32_USB_Device_Library\Core\Src\usbd_ioreq.o
 .ARM.attributes
                0x00000314       0x33 Src\main.o
 .ARM.attributes
                0x00000347       0x33 Src\stm32f1xx_hal_msp.o
 .ARM.attributes
                0x0000037a       0x33 Src\stm32f1xx_it.o
 .ARM.attributes
                0x000003ad       0x33 Src\system_stm32f1xx.o
 .ARM.attributes
                0x000003e0       0x33 Src\usb_device.o
 .ARM.attributes
                0x00000413       0x33 Src\usbd_cdc_if.o
 .ARM.attributes
                0x00000446       0x33 Src\usbd_conf.o
 .ARM.attributes
                0x00000479       0x33 Src\usbd_desc.o
 .ARM.attributes
                0x000004ac       0x21 startup\startup_stm32f103xb.o
 .ARM.attributes
                0x000004cd       0x2d c:/program files (x86)/atollic/truestudio for arm 7.1.0/armtools/bin/../lib/gcc/arm-atollic-eabi/5.3.1/../../../../arm-atollic-eabi/lib/armv7-m\libc_nano.a(lib_a-init.o)
 .ARM.attributes
                0x000004fa       0x1d c:/program files (x86)/atollic/truestudio for arm 7.1.0/armtools/bin/../lib/gcc/arm-atollic-eabi/5.3.1/armv7-m/crtn.o
OUTPUT(spimaster.elf elf32-littlearm)

.debug_info     0x00000000     0xe5dc
 .debug_info    0x00000000      0x686 Drivers\STM32F1xx_HAL_Driver\Src\stm32f1xx_hal.o
 .debug_info    0x00000686      0xc21 Drivers\STM32F1xx_HAL_Driver\Src\stm32f1xx_hal_cortex.o
 .debug_info    0x000012a7      0x60b Drivers\STM32F1xx_HAL_Driver\Src\stm32f1xx_hal_gpio.o
 .debug_info    0x000018b2      0xfd9 Drivers\STM32F1xx_HAL_Driver\Src\stm32f1xx_hal_pcd.o
 .debug_info    0x0000288b      0x5a5 Drivers\STM32F1xx_HAL_Driver\Src\stm32f1xx_hal_pcd_ex.o
 .debug_info    0x00002e30     0x1240 Drivers\STM32F1xx_HAL_Driver\Src\stm32f1xx_hal_rcc.o
 .debug_info    0x00004070      0x577 Drivers\STM32F1xx_HAL_Driver\Src\stm32f1xx_hal_rcc_ex.o
 .debug_info    0x000045e7     0x145b Drivers\STM32F1xx_HAL_Driver\Src\stm32f1xx_hal_spi.o
 .debug_info    0x00005a42      0x5a9 Drivers\STM32F1xx_HAL_Driver\Src\stm32f1xx_hal_spi_ex.o
 .debug_info    0x00005feb      0xd66 Drivers\STM32F1xx_HAL_Driver\Src\stm32f1xx_ll_usb.o
 .debug_info    0x00006d51      0xc80 Middlewares\ST\STM32_USB_Device_Library\Class\CDC\Src\usbd_cdc.o
 .debug_info    0x000079d1      0xbd9 Middlewares\ST\STM32_USB_Device_Library\Core\Src\usbd_core.o
 .debug_info    0x000085aa      0xbc7 Middlewares\ST\STM32_USB_Device_Library\Core\Src\usbd_ctlreq.o
 .debug_info    0x00009171      0x761 Middlewares\ST\STM32_USB_Device_Library\Core\Src\usbd_ioreq.o
 .debug_info    0x000098d2      0xdf7 Src\main.o
 .debug_info    0x0000a6c9      0x9f5 Src\stm32f1xx_hal_msp.o
 .debug_info    0x0000b0be      0x5a6 Src\stm32f1xx_it.o
 .debug_info    0x0000b664      0x3e7 Src\system_stm32f1xx.o
 .debug_info    0x0000ba4b      0x615 Src\usb_device.o
 .debug_info    0x0000c060      0x819 Src\usbd_cdc_if.o
 .debug_info    0x0000c879     0x17ee Src\usbd_conf.o
 .debug_info    0x0000e067      0x4ee Src\usbd_desc.o
 .debug_info    0x0000e555       0x87 startup\startup_stm32f103xb.o

.debug_abbrev   0x00000000     0x2e3a
 .debug_abbrev  0x00000000      0x22e Drivers\STM32F1xx_HAL_Driver\Src\stm32f1xx_hal.o
 .debug_abbrev  0x0000022e      0x2ee Drivers\STM32F1xx_HAL_Driver\Src\stm32f1xx_hal_cortex.o
 .debug_abbrev  0x0000051c      0x1c8 Drivers\STM32F1xx_HAL_Driver\Src\stm32f1xx_hal_gpio.o
 .debug_abbrev  0x000006e4      0x306 Drivers\STM32F1xx_HAL_Driver\Src\stm32f1xx_hal_pcd.o
 .debug_abbrev  0x000009ea      0x16b Drivers\STM32F1xx_HAL_Driver\Src\stm32f1xx_hal_pcd_ex.o
 .debug_abbrev  0x00000b55      0x2bf Drivers\STM32F1xx_HAL_Driver\Src\stm32f1xx_hal_rcc.o
 .debug_abbrev  0x00000e14      0x22a Drivers\STM32F1xx_HAL_Driver\Src\stm32f1xx_hal_rcc_ex.o
 .debug_abbrev  0x0000103e      0x309 Drivers\STM32F1xx_HAL_Driver\Src\stm32f1xx_hal_spi.o
 .debug_abbrev  0x00001347      0x15d Drivers\STM32F1xx_HAL_Driver\Src\stm32f1xx_hal_spi_ex.o
 .debug_abbrev  0x000014a4      0x21f Drivers\STM32F1xx_HAL_Driver\Src\stm32f1xx_ll_usb.o
 .debug_abbrev  0x000016c3      0x256 Middlewares\ST\STM32_USB_Device_Library\Class\CDC\Src\usbd_cdc.o
 .debug_abbrev  0x00001919      0x270 Middlewares\ST\STM32_USB_Device_Library\Core\Src\usbd_core.o
 .debug_abbrev  0x00001b89      0x2c4 Middlewares\ST\STM32_USB_Device_Library\Core\Src\usbd_ctlreq.o
 .debug_abbrev  0x00001e4d      0x155 Middlewares\ST\STM32_USB_Device_Library\Core\Src\usbd_ioreq.o
 .debug_abbrev  0x00001fa2      0x26e Src\main.o
 .debug_abbrev  0x00002210      0x198 Src\stm32f1xx_hal_msp.o
 .debug_abbrev  0x000023a8      0x199 Src\stm32f1xx_it.o
 .debug_abbrev  0x00002541      0x122 Src\system_stm32f1xx.o
 .debug_abbrev  0x00002663      0x170 Src\usb_device.o
 .debug_abbrev  0x000027d3      0x221 Src\usbd_cdc_if.o
 .debug_abbrev  0x000029f4      0x297 Src\usbd_conf.o
 .debug_abbrev  0x00002c8b      0x19d Src\usbd_desc.o
 .debug_abbrev  0x00002e28       0x12 startup\startup_stm32f103xb.o

.debug_loc      0x00000000     0x5aef
 .debug_loc     0x00000000       0x73 Drivers\STM32F1xx_HAL_Driver\Src\stm32f1xx_hal.o
 .debug_loc     0x00000073      0x48f Drivers\STM32F1xx_HAL_Driver\Src\stm32f1xx_hal_cortex.o
 .debug_loc     0x00000502      0x2e8 Drivers\STM32F1xx_HAL_Driver\Src\stm32f1xx_hal_gpio.o
 .debug_loc     0x000007ea      0x9d0 Drivers\STM32F1xx_HAL_Driver\Src\stm32f1xx_hal_pcd.o
 .debug_loc     0x000011ba       0xa3 Drivers\STM32F1xx_HAL_Driver\Src\stm32f1xx_hal_pcd_ex.o
 .debug_loc     0x0000125d      0x8a9 Drivers\STM32F1xx_HAL_Driver\Src\stm32f1xx_hal_rcc.o
 .debug_loc     0x00001b06      0x378 Drivers\STM32F1xx_HAL_Driver\Src\stm32f1xx_hal_rcc_ex.o
 .debug_loc     0x00001e7e     0x1028 Drivers\STM32F1xx_HAL_Driver\Src\stm32f1xx_hal_spi.o
 .debug_loc     0x00002ea6       0x63 Drivers\STM32F1xx_HAL_Driver\Src\stm32f1xx_hal_spi_ex.o
 .debug_loc     0x00002f09      0xa61 Drivers\STM32F1xx_HAL_Driver\Src\stm32f1xx_ll_usb.o
 .debug_loc     0x0000396a      0x4bc Middlewares\ST\STM32_USB_Device_Library\Class\CDC\Src\usbd_cdc.o
 .debug_loc     0x00003e26      0x5d9 Middlewares\ST\STM32_USB_Device_Library\Core\Src\usbd_core.o
 .debug_loc     0x000043ff      0x6d9 Middlewares\ST\STM32_USB_Device_Library\Core\Src\usbd_ctlreq.o
 .debug_loc     0x00004ad8      0x23c Middlewares\ST\STM32_USB_Device_Library\Core\Src\usbd_ioreq.o
 .debug_loc     0x00004d14       0x4d Src\stm32f1xx_hal_msp.o
 .debug_loc     0x00004d61       0xaa Src\system_stm32f1xx.o
 .debug_loc     0x00004e0b      0x10c Src\usbd_cdc_if.o
 .debug_loc     0x00004f17      0x965 Src\usbd_conf.o
 .debug_loc     0x0000587c      0x273 Src\usbd_desc.o

.debug_aranges  0x00000000      0x9d8
 .debug_aranges
                0x00000000       0xa8 Drivers\STM32F1xx_HAL_Driver\Src\stm32f1xx_hal.o
 .debug_aranges
                0x000000a8       0x90 Drivers\STM32F1xx_HAL_Driver\Src\stm32f1xx_hal_cortex.o
 .debug_aranges
                0x00000138       0x58 Drivers\STM32F1xx_HAL_Driver\Src\stm32f1xx_hal_gpio.o
 .debug_aranges
                0x00000190       0xc0 Drivers\STM32F1xx_HAL_Driver\Src\stm32f1xx_hal_pcd.o
 .debug_aranges
                0x00000250       0x28 Drivers\STM32F1xx_HAL_Driver\Src\stm32f1xx_hal_pcd_ex.o
 .debug_aranges
                0x00000278       0x88 Drivers\STM32F1xx_HAL_Driver\Src\stm32f1xx_hal_rcc.o
 .debug_aranges
                0x00000300       0x30 Drivers\STM32F1xx_HAL_Driver\Src\stm32f1xx_hal_rcc_ex.o
 .debug_aranges
                0x00000330      0x110 Drivers\STM32F1xx_HAL_Driver\Src\stm32f1xx_hal_spi.o
 .debug_aranges
                0x00000440       0x28 Drivers\STM32F1xx_HAL_Driver\Src\stm32f1xx_hal_spi_ex.o
 .debug_aranges
                0x00000468       0xe0 Drivers\STM32F1xx_HAL_Driver\Src\stm32f1xx_ll_usb.o
 .debug_aranges
                0x00000548       0x90 Middlewares\ST\STM32_USB_Device_Library\Class\CDC\Src\usbd_cdc.o
 .debug_aranges
                0x000005d8       0xa8 Middlewares\ST\STM32_USB_Device_Library\Core\Src\usbd_core.o
 .debug_aranges
                0x00000680       0x48 Middlewares\ST\STM32_USB_Device_Library\Core\Src\usbd_ctlreq.o
 .debug_aranges
                0x000006c8       0x50 Middlewares\ST\STM32_USB_Device_Library\Core\Src\usbd_ioreq.o
 .debug_aranges
                0x00000718       0x30 Src\main.o
 .debug_aranges
                0x00000748       0x30 Src\stm32f1xx_hal_msp.o
 .debug_aranges
                0x00000778       0x50 Src\stm32f1xx_it.o
 .debug_aranges
                0x000007c8       0x28 Src\system_stm32f1xx.o
 .debug_aranges
                0x000007f0       0x20 Src\usb_device.o
 .debug_aranges
                0x00000810       0x40 Src\usbd_cdc_if.o
 .debug_aranges
                0x00000850      0x110 Src\usbd_conf.o
 .debug_aranges
                0x00000960       0x50 Src\usbd_desc.o
 .debug_aranges
                0x000009b0       0x28 startup\startup_stm32f103xb.o

.debug_ranges   0x00000000      0xbc0
 .debug_ranges  0x00000000       0x98 Drivers\STM32F1xx_HAL_Driver\Src\stm32f1xx_hal.o
 .debug_ranges  0x00000098      0x130 Drivers\STM32F1xx_HAL_Driver\Src\stm32f1xx_hal_cortex.o
 .debug_ranges  0x000001c8       0x68 Drivers\STM32F1xx_HAL_Driver\Src\stm32f1xx_hal_gpio.o
 .debug_ranges  0x00000230       0xd0 Drivers\STM32F1xx_HAL_Driver\Src\stm32f1xx_hal_pcd.o
 .debug_ranges  0x00000300       0x18 Drivers\STM32F1xx_HAL_Driver\Src\stm32f1xx_hal_pcd_ex.o
 .debug_ranges  0x00000318      0x148 Drivers\STM32F1xx_HAL_Driver\Src\stm32f1xx_hal_rcc.o
 .debug_ranges  0x00000460       0x68 Drivers\STM32F1xx_HAL_Driver\Src\stm32f1xx_hal_rcc_ex.o
 .debug_ranges  0x000004c8      0x138 Drivers\STM32F1xx_HAL_Driver\Src\stm32f1xx_hal_spi.o
 .debug_ranges  0x00000600       0x18 Drivers\STM32F1xx_HAL_Driver\Src\stm32f1xx_hal_spi_ex.o
 .debug_ranges  0x00000618      0x120 Drivers\STM32F1xx_HAL_Driver\Src\stm32f1xx_ll_usb.o
 .debug_ranges  0x00000738       0x80 Middlewares\ST\STM32_USB_Device_Library\Class\CDC\Src\usbd_cdc.o
 .debug_ranges  0x000007b8       0x98 Middlewares\ST\STM32_USB_Device_Library\Core\Src\usbd_core.o
 .debug_ranges  0x00000850       0x38 Middlewares\ST\STM32_USB_Device_Library\Core\Src\usbd_ctlreq.o
 .debug_ranges  0x00000888       0x40 Middlewares\ST\STM32_USB_Device_Library\Core\Src\usbd_ioreq.o
 .debug_ranges  0x000008c8       0x78 Src\main.o
 .debug_ranges  0x00000940       0x60 Src\stm32f1xx_hal_msp.o
 .debug_ranges  0x000009a0       0x40 Src\stm32f1xx_it.o
 .debug_ranges  0x000009e0       0x18 Src\system_stm32f1xx.o
 .debug_ranges  0x000009f8       0x10 Src\usb_device.o
 .debug_ranges  0x00000a08       0x30 Src\usbd_cdc_if.o
 .debug_ranges  0x00000a38      0x128 Src\usbd_conf.o
 .debug_ranges  0x00000b60       0x40 Src\usbd_desc.o
 .debug_ranges  0x00000ba0       0x20 startup\startup_stm32f103xb.o

.debug_line     0x00000000     0x52e1
 .debug_line    0x00000000      0x375 Drivers\STM32F1xx_HAL_Driver\Src\stm32f1xx_hal.o
 .debug_line    0x00000375      0x37a Drivers\STM32F1xx_HAL_Driver\Src\stm32f1xx_hal_cortex.o
 .debug_line    0x000006ef      0x393 Drivers\STM32F1xx_HAL_Driver\Src\stm32f1xx_hal_gpio.o
 .debug_line    0x00000a82      0x64d Drivers\STM32F1xx_HAL_Driver\Src\stm32f1xx_hal_pcd.o
 .debug_line    0x000010cf      0x237 Drivers\STM32F1xx_HAL_Driver\Src\stm32f1xx_hal_pcd_ex.o
 .debug_line    0x00001306      0x79c Drivers\STM32F1xx_HAL_Driver\Src\stm32f1xx_hal_rcc.o
 .debug_line    0x00001aa2      0x37b Drivers\STM32F1xx_HAL_Driver\Src\stm32f1xx_hal_rcc_ex.o
 .debug_line    0x00001e1d      0xb53 Drivers\STM32F1xx_HAL_Driver\Src\stm32f1xx_hal_spi.o
 .debug_line    0x00002970      0x25b Drivers\STM32F1xx_HAL_Driver\Src\stm32f1xx_hal_spi_ex.o
 .debug_line    0x00002bcb      0x50e Drivers\STM32F1xx_HAL_Driver\Src\stm32f1xx_ll_usb.o
 .debug_line    0x000030d9      0x3ad Middlewares\ST\STM32_USB_Device_Library\Class\CDC\Src\usbd_cdc.o
 .debug_line    0x00003486      0x396 Middlewares\ST\STM32_USB_Device_Library\Core\Src\usbd_core.o
 .debug_line    0x0000381c      0x2e0 Middlewares\ST\STM32_USB_Device_Library\Core\Src\usbd_ctlreq.o
 .debug_line    0x00003afc      0x242 Middlewares\ST\STM32_USB_Device_Library\Core\Src\usbd_ioreq.o
 .debug_line    0x00003d3e      0x320 Src\main.o
 .debug_line    0x0000405e      0x27f Src\stm32f1xx_hal_msp.o
 .debug_line    0x000042dd      0x286 Src\stm32f1xx_it.o
 .debug_line    0x00004563      0x1d0 Src\system_stm32f1xx.o
 .debug_line    0x00004733      0x210 Src\usb_device.o
 .debug_line    0x00004943      0x229 Src\usbd_cdc_if.o
 .debug_line    0x00004b6c      0x4ec Src\usbd_conf.o
 .debug_line    0x00005058      0x20c Src\usbd_desc.o
 .debug_line    0x00005264       0x7d startup\startup_stm32f103xb.o

.debug_str      0x00000000     0x2dec
 .debug_str     0x00000000      0x71a Drivers\STM32F1xx_HAL_Driver\Src\stm32f1xx_hal.o
                                0x77a (size before relaxing)
 .debug_str     0x0000071a      0x2eb Drivers\STM32F1xx_HAL_Driver\Src\stm32f1xx_hal_cortex.o
                                0x8e4 (size before relaxing)
 .debug_str     0x00000a05      0x1c9 Drivers\STM32F1xx_HAL_Driver\Src\stm32f1xx_hal_gpio.o
                                0x43f (size before relaxing)
 .debug_str     0x00000bce      0x6db Drivers\STM32F1xx_HAL_Driver\Src\stm32f1xx_hal_pcd.o
                                0x953 (size before relaxing)
 .debug_str     0x000012a9       0x57 Drivers\STM32F1xx_HAL_Driver\Src\stm32f1xx_hal_pcd_ex.o
                                0x576 (size before relaxing)
 .debug_str     0x00001300      0x314 Drivers\STM32F1xx_HAL_Driver\Src\stm32f1xx_hal_rcc.o
                                0x643 (size before relaxing)
 .debug_str     0x00001614      0x12b Drivers\STM32F1xx_HAL_Driver\Src\stm32f1xx_hal_rcc_ex.o
                                0x407 (size before relaxing)
 .debug_str     0x0000173f      0x5f6 Drivers\STM32F1xx_HAL_Driver\Src\stm32f1xx_hal_spi.o
                                0x8d1 (size before relaxing)
 .debug_str     0x00001d35       0x64 Drivers\STM32F1xx_HAL_Driver\Src\stm32f1xx_hal_spi_ex.o
                                0x627 (size before relaxing)
 .debug_str     0x00001d99      0x124 Drivers\STM32F1xx_HAL_Driver\Src\stm32f1xx_ll_usb.o
                                0x6f3 (size before relaxing)
 .debug_str     0x00001ebd      0x63d Middlewares\ST\STM32_USB_Device_Library\Class\CDC\Src\usbd_cdc.o
                                0x8e3 (size before relaxing)
 .debug_str     0x000024fa      0x288 Middlewares\ST\STM32_USB_Device_Library\Core\Src\usbd_core.o
                                0x845 (size before relaxing)
 .debug_str     0x00002782      0x12e Middlewares\ST\STM32_USB_Device_Library\Core\Src\usbd_ctlreq.o
                                0x777 (size before relaxing)
 .debug_str     0x000028b0       0x51 Middlewares\ST\STM32_USB_Device_Library\Core\Src\usbd_ioreq.o
                                0x6a4 (size before relaxing)
 .debug_str     0x00002901       0x82 Src\main.o
                                0xbe7 (size before relaxing)
 .debug_str     0x00002983       0x39 Src\stm32f1xx_hal_msp.o
                                0x98f (size before relaxing)
 .debug_str     0x000029bc       0xa4 Src\stm32f1xx_it.o
                                0x591 (size before relaxing)
 .debug_str     0x00002a60       0x4d Src\system_stm32f1xx.o
                                0x2e6 (size before relaxing)
 .debug_str     0x00002aad       0x40 Src\usb_device.o
                                0x63d (size before relaxing)
 .debug_str     0x00002aed       0x7b Src\usbd_cdc_if.o
                                0x72e (size before relaxing)
 .debug_str     0x00002b68      0x176 Src\usbd_conf.o
                               0x1135 (size before relaxing)
 .debug_str     0x00002cde      0x10e Src\usbd_desc.o
                                0x404 (size before relaxing)

.comment        0x00000000       0x7e
 .comment       0x00000000       0x7e Drivers\STM32F1xx_HAL_Driver\Src\stm32f1xx_hal.o
                                 0x7f (size before relaxing)
 .comment       0x0000007e       0x7f Drivers\STM32F1xx_HAL_Driver\Src\stm32f1xx_hal_cortex.o
 .comment       0x0000007e       0x7f Drivers\STM32F1xx_HAL_Driver\Src\stm32f1xx_hal_gpio.o
 .comment       0x0000007e       0x7f Drivers\STM32F1xx_HAL_Driver\Src\stm32f1xx_hal_pcd.o
 .comment       0x0000007e       0x7f Drivers\STM32F1xx_HAL_Driver\Src\stm32f1xx_hal_pcd_ex.o
 .comment       0x0000007e       0x7f Drivers\STM32F1xx_HAL_Driver\Src\stm32f1xx_hal_rcc.o
 .comment       0x0000007e       0x7f Drivers\STM32F1xx_HAL_Driver\Src\stm32f1xx_hal_rcc_ex.o
 .comment       0x0000007e       0x7f Drivers\STM32F1xx_HAL_Driver\Src\stm32f1xx_hal_spi.o
 .comment       0x0000007e       0x7f Drivers\STM32F1xx_HAL_Driver\Src\stm32f1xx_hal_spi_ex.o
 .comment       0x0000007e       0x7f Drivers\STM32F1xx_HAL_Driver\Src\stm32f1xx_ll_usb.o
 .comment       0x0000007e       0x7f Middlewares\ST\STM32_USB_Device_Library\Class\CDC\Src\usbd_cdc.o
 .comment       0x0000007e       0x7f Middlewares\ST\STM32_USB_Device_Library\Core\Src\usbd_core.o
 .comment       0x0000007e       0x7f Middlewares\ST\STM32_USB_Device_Library\Core\Src\usbd_ctlreq.o
 .comment       0x0000007e       0x7f Middlewares\ST\STM32_USB_Device_Library\Core\Src\usbd_ioreq.o
 .comment       0x0000007e       0x7f Src\main.o
 .comment       0x0000007e       0x7f Src\stm32f1xx_hal_msp.o
 .comment       0x0000007e       0x7f Src\stm32f1xx_it.o
 .comment       0x0000007e       0x7f Src\system_stm32f1xx.o
 .comment       0x0000007e       0x7f Src\usb_device.o
 .comment       0x0000007e       0x7f Src\usbd_cdc_if.o
 .comment       0x0000007e       0x7f Src\usbd_conf.o
 .comment       0x0000007e       0x7f Src\usbd_desc.o

.debug_frame    0x00000000     0x1808
 .debug_frame   0x00000000      0x164 Drivers\STM32F1xx_HAL_Driver\Src\stm32f1xx_hal.o
 .debug_frame   0x00000164      0x120 Drivers\STM32F1xx_HAL_Driver\Src\stm32f1xx_hal_cortex.o
 .debug_frame   0x00000284       0xd4 Drivers\STM32F1xx_HAL_Driver\Src\stm32f1xx_hal_gpio.o
 .debug_frame   0x00000358      0x2b8 Drivers\STM32F1xx_HAL_Driver\Src\stm32f1xx_hal_pcd.o
 .debug_frame   0x00000610       0x30 Drivers\STM32F1xx_HAL_Driver\Src\stm32f1xx_hal_pcd_ex.o
 .debug_frame   0x00000640      0x14c Drivers\STM32F1xx_HAL_Driver\Src\stm32f1xx_hal_rcc.o
 .debug_frame   0x0000078c       0x6c Drivers\STM32F1xx_HAL_Driver\Src\stm32f1xx_hal_rcc_ex.o
 .debug_frame   0x000007f8      0x398 Drivers\STM32F1xx_HAL_Driver\Src\stm32f1xx_hal_spi.o
 .debug_frame   0x00000b90       0x38 Drivers\STM32F1xx_HAL_Driver\Src\stm32f1xx_hal_spi_ex.o
 .debug_frame   0x00000bc8      0x230 Drivers\STM32F1xx_HAL_Driver\Src\stm32f1xx_ll_usb.o
 .debug_frame   0x00000df8      0x14c Middlewares\ST\STM32_USB_Device_Library\Class\CDC\Src\usbd_cdc.o
 .debug_frame   0x00000f44      0x1c0 Middlewares\ST\STM32_USB_Device_Library\Core\Src\usbd_core.o
 .debug_frame   0x00001104       0xb0 Middlewares\ST\STM32_USB_Device_Library\Core\Src\usbd_ctlreq.o
 .debug_frame   0x000011b4       0xb8 Middlewares\ST\STM32_USB_Device_Library\Core\Src\usbd_ioreq.o
 .debug_frame   0x0000126c       0x5c Src\main.o
 .debug_frame   0x000012c8       0x50 Src\stm32f1xx_hal_msp.o
 .debug_frame   0x00001318       0xbc Src\stm32f1xx_it.o
 .debug_frame   0x000013d4       0x30 Src\system_stm32f1xx.o
 .debug_frame   0x00001404       0x2c Src\usb_device.o
 .debug_frame   0x00001430       0x80 Src\usbd_cdc_if.o
 .debug_frame   0x000014b0      0x284 Src\usbd_conf.o
 .debug_frame   0x00001734       0xa8 Src\usbd_desc.o
 .debug_frame   0x000017dc       0x2c c:/program files (x86)/atollic/truestudio for arm 7.1.0/armtools/bin/../lib/gcc/arm-atollic-eabi/5.3.1/../../../../arm-atollic-eabi/lib/armv7-m\libc_nano.a(lib_a-init.o)
